// Jest Snapshot v1, https://goo.gl/fbAQLP

exports[`n-layout should work with \`embedded\` prop 1`] = `"--n-bezier: cubic-bezier(.4, 0, .2, 1); --n-color: rgb(250, 250, 252); --n-text-color: rgb(51, 54, 57);"`;
