// Jest Snapshot v1, https://goo.gl/fbAQLP

exports[`n-dynamic-tags should work with \`size\` prop 1`] = `"--n-avatar-size-override: calc(22px - 8px); --n-bezier: cubic-bezier(.4, 0, .2, 1); --n-border-radius: 2px; --n-border: 1px solid rgb(224, 224, 230); --n-close-color: rgba(122, 122, 122, 1); --n-close-color-hover: rgba(89, 89, 89, 1); --n-close-color-pressed: rgba(149, 149, 149, 1); --n-close-margin: 0 0 0 3px; --n-close-margin-rtl: 0 3px 0 0; --n-close-size: 14px; --n-color: rgb(250, 250, 252); --n-color-checkable: #0000; --n-color-checked: #18a058; --n-color-checked-hover: #36ad6a; --n-color-checked-pressed: #0c7a43; --n-color-hover-checkable: #0000; --n-color-pressed-checkable: #0000; --n-font-size: 12px; --n-height: 22px; --n-opacity-disabled: 0.5; --n-padding: 0 7px; --n-text-color: rgb(51, 54, 57); --n-text-color-checkable: rgb(51, 54, 57); --n-text-color-checked: #FFF; --n-text-color-hover-checkable: #36ad6a; --n-text-color-pressed-checkable: #0c7a43;"`;

exports[`n-dynamic-tags should work with \`size\` prop 2`] = `"--n-avatar-size-override: calc(28px - 8px); --n-bezier: cubic-bezier(.4, 0, .2, 1); --n-border-radius: 2px; --n-border: 1px solid rgb(224, 224, 230); --n-close-color: rgba(122, 122, 122, 1); --n-close-color-hover: rgba(89, 89, 89, 1); --n-close-color-pressed: rgba(149, 149, 149, 1); --n-close-margin: 0 0 0 3px; --n-close-margin-rtl: 0 3px 0 0; --n-close-size: 14px; --n-color: rgb(250, 250, 252); --n-color-checkable: #0000; --n-color-checked: #18a058; --n-color-checked-hover: #36ad6a; --n-color-checked-pressed: #0c7a43; --n-color-hover-checkable: #0000; --n-color-pressed-checkable: #0000; --n-font-size: 14px; --n-height: 28px; --n-opacity-disabled: 0.5; --n-padding: 0 7px; --n-text-color: rgb(51, 54, 57); --n-text-color-checkable: rgb(51, 54, 57); --n-text-color-checked: #FFF; --n-text-color-hover-checkable: #36ad6a; --n-text-color-pressed-checkable: #0c7a43;"`;

exports[`n-dynamic-tags should work with \`size\` prop 3`] = `"--n-avatar-size-override: calc(34px - 8px); --n-bezier: cubic-bezier(.4, 0, .2, 1); --n-border-radius: 2px; --n-border: 1px solid rgb(224, 224, 230); --n-close-color: rgba(122, 122, 122, 1); --n-close-color-hover: rgba(89, 89, 89, 1); --n-close-color-pressed: rgba(149, 149, 149, 1); --n-close-margin: 0 0 0 3px; --n-close-margin-rtl: 0 3px 0 0; --n-close-size: 14px; --n-color: rgb(250, 250, 252); --n-color-checkable: #0000; --n-color-checked: #18a058; --n-color-checked-hover: #36ad6a; --n-color-checked-pressed: #0c7a43; --n-color-hover-checkable: #0000; --n-color-pressed-checkable: #0000; --n-font-size: 14px; --n-height: 34px; --n-opacity-disabled: 0.5; --n-padding: 0 7px; --n-text-color: rgb(51, 54, 57); --n-text-color-checkable: rgb(51, 54, 57); --n-text-color-checked: #FFF; --n-text-color-hover-checkable: #36ad6a; --n-text-color-pressed-checkable: #0c7a43;"`;

exports[`n-dynamic-tags should work with \`type\` prop 1`] = `"--n-avatar-size-override: calc(22px - 8px); --n-bezier: cubic-bezier(.4, 0, .2, 1); --n-border-radius: 2px; --n-border: 1px solid rgb(224, 224, 230); --n-close-color: rgba(122, 122, 122, 1); --n-close-color-hover: rgba(89, 89, 89, 1); --n-close-color-pressed: rgba(149, 149, 149, 1); --n-close-margin: 0 0 0 3px; --n-close-margin-rtl: 0 3px 0 0; --n-close-size: 14px; --n-color: rgb(250, 250, 252); --n-color-checkable: #0000; --n-color-checked: #18a058; --n-color-checked-hover: #36ad6a; --n-color-checked-pressed: #0c7a43; --n-color-hover-checkable: #0000; --n-color-pressed-checkable: #0000; --n-font-size: 12px; --n-height: 22px; --n-opacity-disabled: 0.5; --n-padding: 0 7px; --n-text-color: rgb(51, 54, 57); --n-text-color-checkable: rgb(51, 54, 57); --n-text-color-checked: #FFF; --n-text-color-hover-checkable: #36ad6a; --n-text-color-pressed-checkable: #0c7a43;"`;

exports[`n-dynamic-tags should work with \`type\` prop 2`] = `"--n-avatar-size-override: calc(22px - 8px); --n-bezier: cubic-bezier(.4, 0, .2, 1); --n-border-radius: 2px; --n-border: 1px solid rgba(32, 128, 240, 0.3); --n-close-color: rgba(32, 128, 240, 0.75); --n-close-color-hover: rgba(32, 128, 240, 0.6); --n-close-color-pressed: rgba(32, 128, 240, 0.9); --n-close-margin: 0 0 0 3px; --n-close-margin-rtl: 0 3px 0 0; --n-close-size: 14px; --n-color: rgba(32, 128, 240, 0.1); --n-color-checkable: #0000; --n-color-checked: #18a058; --n-color-checked-hover: #36ad6a; --n-color-checked-pressed: #0c7a43; --n-color-hover-checkable: #0000; --n-color-pressed-checkable: #0000; --n-font-size: 12px; --n-height: 22px; --n-opacity-disabled: 0.5; --n-padding: 0 7px; --n-text-color: #2080f0; --n-text-color-checkable: rgb(51, 54, 57); --n-text-color-checked: #FFF; --n-text-color-hover-checkable: #36ad6a; --n-text-color-pressed-checkable: #0c7a43;"`;

exports[`n-dynamic-tags should work with \`type\` prop 3`] = `"--n-avatar-size-override: calc(22px - 8px); --n-bezier: cubic-bezier(.4, 0, .2, 1); --n-border-radius: 2px; --n-border: 1px solid rgba(24, 160, 88, 0.3); --n-close-color: rgba(24, 160, 88, 0.75); --n-close-color-hover: rgba(24, 160, 88, 0.6); --n-close-color-pressed: rgba(24, 160, 88, 0.9); --n-close-margin: 0 0 0 3px; --n-close-margin-rtl: 0 3px 0 0; --n-close-size: 14px; --n-color: rgba(24, 160, 88, 0.1); --n-color-checkable: #0000; --n-color-checked: #18a058; --n-color-checked-hover: #36ad6a; --n-color-checked-pressed: #0c7a43; --n-color-hover-checkable: #0000; --n-color-pressed-checkable: #0000; --n-font-size: 12px; --n-height: 22px; --n-opacity-disabled: 0.5; --n-padding: 0 7px; --n-text-color: #18a058; --n-text-color-checkable: rgb(51, 54, 57); --n-text-color-checked: #FFF; --n-text-color-hover-checkable: #36ad6a; --n-text-color-pressed-checkable: #0c7a43;"`;

exports[`n-dynamic-tags should work with \`type\` prop 4`] = `"--n-avatar-size-override: calc(22px - 8px); --n-bezier: cubic-bezier(.4, 0, .2, 1); --n-border-radius: 2px; --n-border: 1px solid rgba(240, 160, 32, 0.35); --n-close-color: rgba(240, 160, 32, 0.75); --n-close-color-hover: rgba(240, 160, 32, 0.6); --n-close-color-pressed: rgba(240, 160, 32, 0.9); --n-close-margin: 0 0 0 3px; --n-close-margin-rtl: 0 3px 0 0; --n-close-size: 14px; --n-color: rgba(240, 160, 32, 0.12); --n-color-checkable: #0000; --n-color-checked: #18a058; --n-color-checked-hover: #36ad6a; --n-color-checked-pressed: #0c7a43; --n-color-hover-checkable: #0000; --n-color-pressed-checkable: #0000; --n-font-size: 12px; --n-height: 22px; --n-opacity-disabled: 0.5; --n-padding: 0 7px; --n-text-color: #f0a020; --n-text-color-checkable: rgb(51, 54, 57); --n-text-color-checked: #FFF; --n-text-color-hover-checkable: #36ad6a; --n-text-color-pressed-checkable: #0c7a43;"`;

exports[`n-dynamic-tags should work with \`type\` prop 5`] = `"--n-avatar-size-override: calc(22px - 8px); --n-bezier: cubic-bezier(.4, 0, .2, 1); --n-border-radius: 2px; --n-border: 1px solid rgba(208, 48, 80, 0.23); --n-close-color: rgba(208, 48, 80, 0.65); --n-close-color-hover: rgba(208, 48, 80, 0.5); --n-close-color-pressed: rgba(208, 48, 80, 0.8); --n-close-margin: 0 0 0 3px; --n-close-margin-rtl: 0 3px 0 0; --n-close-size: 14px; --n-color: rgba(208, 48, 80, 0.08); --n-color-checkable: #0000; --n-color-checked: #18a058; --n-color-checked-hover: #36ad6a; --n-color-checked-pressed: #0c7a43; --n-color-hover-checkable: #0000; --n-color-pressed-checkable: #0000; --n-font-size: 12px; --n-height: 22px; --n-opacity-disabled: 0.5; --n-padding: 0 7px; --n-text-color: #d03050; --n-text-color-checkable: rgb(51, 54, 57); --n-text-color-checked: #FFF; --n-text-color-hover-checkable: #36ad6a; --n-text-color-pressed-checkable: #0c7a43;"`;
